
> ai-medical-blog@1.0.0 build
> next build

  ▲ Next.js 14.2.35
  - Environments: .env.local

   Creating an optimized production build ...
<w> [webpack.cache.PackFileCacheStrategy/webpack.FileSystemInfo] Resolving '../../../typescript/lib/typescript' in c:\Users\LENOVO\Desktop\ai blog\ai blog\node_modules\next\dist\build for build dependencies doesn't lead to expected result 'C:\Users\LENOVO\Desktop\ai blog\ai blog\node_modules\typescript\lib\typescript.js', but to 'c:\Users\LENOVO\Desktop\ai blog\ai blog\node_modules\typescript\lib\typescript.js' instead. Resolving dependencies are ignored for this path.
<w>  at resolve commonjs file ../../../typescript/lib/typescript (expected C:\Users\LENOVO\Desktop\ai blog\ai blog\node_modules\typescript\lib\typescript.js)
<w>  at file dependencies c:\Users\LENOVO\Desktop\ai blog\ai blog\node_modules\next\dist\build\load-jsconfig.js
<w>  at file c:\Users\LENOVO\Desktop\ai blog\ai blog\node_modules\next\dist\build\load-jsconfig.js
<w>  at file dependencies c:\Users\LENOVO\Desktop\ai blog\ai blog\node_modules\next\dist\build\webpack-config.js
<w>  at file c:\Users\LENOVO\Desktop\ai blog\ai blog\node_modules\next\dist\build\webpack-config.js
<w>  at file dependencies c:\Users\LENOVO\Desktop\ai blog\ai blog\node_modules\next\dist\build\webpack\loaders\next-swc-loader.js
<w>  at file c:\Users\LENOVO\Desktop\ai blog\ai blog\node_modules\next\dist\build\webpack\loaders\next-swc-loader.js
<w>  at resolve commonjs c:\Users\LENOVO\Desktop\ai blog\ai blog\node_modules\next\dist\build\webpack\loaders\next-swc-loader.js
Next.js build worker exited with code: 3221225794 and signal: null
